{"type":"server-started","port":53103,"host":"127.0.0.1","url_host":"localhost","url":"http://localhost:53103","screen_dir":"/Users/antoniovarlese/ortus-gologin-clone/.superpowers/brainstorm/9051-1778233574/content","state_dir":"/Users/antoniovarlese/ortus-gologin-clone/.superpowers/brainstorm/9051-1778233574/state"}
{"type":"screen-added","file":"/Users/antoniovarlese/ortus-gologin-clone/.superpowers/brainstorm/9051-1778233574/content/prototype.html"}
{"type":"screen-added","file":"/Users/antoniovarlese/ortus-gologin-clone/.superpowers/brainstorm/9051-1778233574/content/cockpit.html"}
{"type":"screen-updated","file":"/Users/antoniovarlese/ortus-gologin-clone/.superpowers/brainstorm/9051-1778233574/content/cockpit.html"}
{"type":"screen-updated","file":"/Users/antoniovarlese/ortus-gologin-clone/.superpowers/brainstorm/9051-1778233574/content/cockpit.html"}
{"type":"screen-updated","file":"/Users/antoniovarlese/ortus-gologin-clone/.superpowers/brainstorm/9051-1778233574/content/cockpit.html"}
{"type":"screen-updated","file":"/Users/antoniovarlese/ortus-gologin-clone/.superpowers/brainstorm/9051-1778233574/content/cockpit.html"}
{"type":"screen-updated","file":"/Users/antoniovarlese/ortus-gologin-clone/.superpowers/brainstorm/9051-1778233574/content/cockpit.html"}
{"type":"screen-updated","file":"/Users/antoniovarlese/ortus-gologin-clone/.superpowers/brainstorm/9051-1778233574/content/cockpit.html"}
{"type":"screen-updated","file":"/Users/antoniovarlese/ortus-gologin-clone/.superpowers/brainstorm/9051-1778233574/content/cockpit.html"}
{"type":"screen-updated","file":"/Users/antoniovarlese/ortus-gologin-clone/.superpowers/brainstorm/9051-1778233574/content/cockpit.html"}
{"type":"screen-updated","file":"/Users/antoniovarlese/ortus-gologin-clone/.superpowers/brainstorm/9051-1778233574/content/cockpit.html"}
{"type":"screen-updated","file":"/Users/antoniovarlese/ortus-gologin-clone/.superpowers/brainstorm/9051-1778233574/content/cockpit.html"}
{"type":"screen-updated","file":"/Users/antoniovarlese/ortus-gologin-clone/.superpowers/brainstorm/9051-1778233574/content/cockpit.html"}
{"type":"screen-updated","file":"/Users/antoniovarlese/ortus-gologin-clone/.superpowers/brainstorm/9051-1778233574/content/cockpit.html"}
{"type":"screen-updated","file":"/Users/antoniovarlese/ortus-gologin-clone/.superpowers/brainstorm/9051-1778233574/content/cockpit.html"}
{"type":"screen-updated","file":"/Users/antoniovarlese/ortus-gologin-clone/.superpowers/brainstorm/9051-1778233574/content/cockpit.html"}
{"type":"screen-updated","file":"/Users/antoniovarlese/ortus-gologin-clone/.superpowers/brainstorm/9051-1778233574/content/cockpit.html"}
{"type":"screen-updated","file":"/Users/antoniovarlese/ortus-gologin-clone/.superpowers/brainstorm/9051-1778233574/content/cockpit.html"}
{"type":"screen-updated","file":"/Users/antoniovarlese/ortus-gologin-clone/.superpowers/brainstorm/9051-1778233574/content/cockpit.html"}
{"type":"screen-updated","file":"/Users/antoniovarlese/ortus-gologin-clone/.superpowers/brainstorm/9051-1778233574/content/cockpit.html"}
{"type":"screen-updated","file":"/Users/antoniovarlese/ortus-gologin-clone/.superpowers/brainstorm/9051-1778233574/content/cockpit.html"}
{"type":"screen-updated","file":"/Users/antoniovarlese/ortus-gologin-clone/.superpowers/brainstorm/9051-1778233574/content/cockpit.html"}
{"type":"screen-updated","file":"/Users/antoniovarlese/ortus-gologin-clone/.superpowers/brainstorm/9051-1778233574/content/cockpit.html"}
{"type":"screen-updated","file":"/Users/antoniovarlese/ortus-gologin-clone/.superpowers/brainstorm/9051-1778233574/content/cockpit.html"}
{"type":"screen-updated","file":"/Users/antoniovarlese/ortus-gologin-clone/.superpowers/brainstorm/9051-1778233574/content/cockpit.html"}
{"type":"screen-updated","file":"/Users/antoniovarlese/ortus-gologin-clone/.superpowers/brainstorm/9051-1778233574/content/cockpit.html"}
{"type":"screen-updated","file":"/Users/antoniovarlese/ortus-gologin-clone/.superpowers/brainstorm/9051-1778233574/content/cockpit.html"}
{"type":"server-stopped","reason":"idle timeout"}
